MPLINK 4.35, Linker
Linker Map File - Created Mon May 22 14:07:56 2017

                                 Section Info
                  Section       Type    Address   Location Size(Bytes)
                ---------  ---------  ---------  ---------  ---------
                   .org_0       code   0x000000    program   0x000000
                   .org_1       code   0x000000    program   0x00009a
 .config_2007_PISCALED3.O       code   0x002007    program   0x000002



                              Program Memory Usage 
                               Start         End      
                           ---------   ---------      
                            0x000000    0x00004c      
                            0x002007    0x002007      
            78 out of 2182 program addresses used, program memory utilization is 3%



                              Symbols - Sorted by Name
                     Name    Address   Location    Storage File                     
                ---------  ---------  ---------  --------- ---------                
                   ATRASO   0x00003d    program     static C:\Users\Gabriel\Desktop\PROVA\2_PIC_aula01_MPLAB\pic_aula01\piscaled3.asm
                  ATRASO1   0x000041    program     static C:\Users\Gabriel\Desktop\PROVA\2_PIC_aula01_MPLAB\pic_aula01\piscaled3.asm
                  ATRASO2   0x000044    program     static C:\Users\Gabriel\Desktop\PROVA\2_PIC_aula01_MPLAB\pic_aula01\piscaled3.asm
                  ATRASO3   0x000048    program     static C:\Users\Gabriel\Desktop\PROVA\2_PIC_aula01_MPLAB\pic_aula01\piscaled3.asm
                      FIM   0x000033    program     static C:\Users\Gabriel\Desktop\PROVA\2_PIC_aula01_MPLAB\pic_aula01\piscaled3.asm
                      FIN   0x000037    program     static C:\Users\Gabriel\Desktop\PROVA\2_PIC_aula01_MPLAB\pic_aula01\piscaled3.asm
                    FINAL   0x00003a    program     static C:\Users\Gabriel\Desktop\PROVA\2_PIC_aula01_MPLAB\pic_aula01\piscaled3.asm
                   INICIO   0x000001    program     static C:\Users\Gabriel\Desktop\PROVA\2_PIC_aula01_MPLAB\pic_aula01\piscaled3.asm
                   REPETE   0x000006    program     static C:\Users\Gabriel\Desktop\PROVA\2_PIC_aula01_MPLAB\pic_aula01\piscaled3.asm



                              Symbols - Sorted by Address
                     Name    Address   Location    Storage File                     
                ---------  ---------  ---------  --------- ---------                
                   INICIO   0x000001    program     static C:\Users\Gabriel\Desktop\PROVA\2_PIC_aula01_MPLAB\pic_aula01\piscaled3.asm
                   REPETE   0x000006    program     static C:\Users\Gabriel\Desktop\PROVA\2_PIC_aula01_MPLAB\pic_aula01\piscaled3.asm
                      FIM   0x000033    program     static C:\Users\Gabriel\Desktop\PROVA\2_PIC_aula01_MPLAB\pic_aula01\piscaled3.asm
                      FIN   0x000037    program     static C:\Users\Gabriel\Desktop\PROVA\2_PIC_aula01_MPLAB\pic_aula01\piscaled3.asm
                    FINAL   0x00003a    program     static C:\Users\Gabriel\Desktop\PROVA\2_PIC_aula01_MPLAB\pic_aula01\piscaled3.asm
                   ATRASO   0x00003d    program     static C:\Users\Gabriel\Desktop\PROVA\2_PIC_aula01_MPLAB\pic_aula01\piscaled3.asm
                  ATRASO1   0x000041    program     static C:\Users\Gabriel\Desktop\PROVA\2_PIC_aula01_MPLAB\pic_aula01\piscaled3.asm
                  ATRASO2   0x000044    program     static C:\Users\Gabriel\Desktop\PROVA\2_PIC_aula01_MPLAB\pic_aula01\piscaled3.asm
                  ATRASO3   0x000048    program     static C:\Users\Gabriel\Desktop\PROVA\2_PIC_aula01_MPLAB\pic_aula01\piscaled3.asm


