MPLINK 4.35, Linker
Linker Map File - Created Fri Nov 03 12:09:11 2017

                                 Section Info
                  Section       Type    Address   Location Size(Bytes)
                ---------  ---------  ---------  ---------  ---------
                   .org_0       code   0x000000    program   0x000000
                   .org_1       code   0x000000    program   0x000082
     .config_2007_PROVA.O       code   0x002007    program   0x000002



                              Program Memory Usage 
                               Start         End      
                           ---------   ---------      
                            0x000000    0x000040      
                            0x002007    0x002007      
            66 out of 2183 program addresses used, program memory utilization is 3%



                              Symbols - Sorted by Name
                     Name    Address   Location    Storage File                     
                ---------  ---------  ---------  --------- ---------                
                   ATRASO   0x000031    program     static C:\Users\Gabriel\PUC\AC2\prova\2_PIC_aula01_MPLAB\pic_aula01\prova.asm
                  ATRASO1   0x000035    program     static C:\Users\Gabriel\PUC\AC2\prova\2_PIC_aula01_MPLAB\pic_aula01\prova.asm
                  ATRASO2   0x000038    program     static C:\Users\Gabriel\PUC\AC2\prova\2_PIC_aula01_MPLAB\pic_aula01\prova.asm
                  ATRASO3   0x00003c    program     static C:\Users\Gabriel\PUC\AC2\prova\2_PIC_aula01_MPLAB\pic_aula01\prova.asm
                      FIM   0x000027    program     static C:\Users\Gabriel\PUC\AC2\prova\2_PIC_aula01_MPLAB\pic_aula01\prova.asm
                      FIN   0x00002b    program     static C:\Users\Gabriel\PUC\AC2\prova\2_PIC_aula01_MPLAB\pic_aula01\prova.asm
                    FINAL   0x00002e    program     static C:\Users\Gabriel\PUC\AC2\prova\2_PIC_aula01_MPLAB\pic_aula01\prova.asm
                   INICIO   0x000001    program     static C:\Users\Gabriel\PUC\AC2\prova\2_PIC_aula01_MPLAB\pic_aula01\prova.asm
                   REPETE   0x000006    program     static C:\Users\Gabriel\PUC\AC2\prova\2_PIC_aula01_MPLAB\pic_aula01\prova.asm



                              Symbols - Sorted by Address
                     Name    Address   Location    Storage File                     
                ---------  ---------  ---------  --------- ---------                
                   INICIO   0x000001    program     static C:\Users\Gabriel\PUC\AC2\prova\2_PIC_aula01_MPLAB\pic_aula01\prova.asm
                   REPETE   0x000006    program     static C:\Users\Gabriel\PUC\AC2\prova\2_PIC_aula01_MPLAB\pic_aula01\prova.asm
                      FIM   0x000027    program     static C:\Users\Gabriel\PUC\AC2\prova\2_PIC_aula01_MPLAB\pic_aula01\prova.asm
                      FIN   0x00002b    program     static C:\Users\Gabriel\PUC\AC2\prova\2_PIC_aula01_MPLAB\pic_aula01\prova.asm
                    FINAL   0x00002e    program     static C:\Users\Gabriel\PUC\AC2\prova\2_PIC_aula01_MPLAB\pic_aula01\prova.asm
                   ATRASO   0x000031    program     static C:\Users\Gabriel\PUC\AC2\prova\2_PIC_aula01_MPLAB\pic_aula01\prova.asm
                  ATRASO1   0x000035    program     static C:\Users\Gabriel\PUC\AC2\prova\2_PIC_aula01_MPLAB\pic_aula01\prova.asm
                  ATRASO2   0x000038    program     static C:\Users\Gabriel\PUC\AC2\prova\2_PIC_aula01_MPLAB\pic_aula01\prova.asm
                  ATRASO3   0x00003c    program     static C:\Users\Gabriel\PUC\AC2\prova\2_PIC_aula01_MPLAB\pic_aula01\prova.asm


